/home/juliano/.local/share/Steam/steamapps
/home/juliano/.local/share/strawberry
/home/juliano/.local/share/icc
/home/juliano/.local/share/gegl-0.4
/home/juliano/.local/share/sddm
/home/juliano/.local/share/gnome-software
/home/juliano/.local/share/flatpak
/home/juliano/.local/share/dolphin
/home/juliano/.local/share/baloo
/home/juliano/.local/share/mc
/home/juliano/.local/share/hyprland
/home/juliano/.local/share/keyrings
/home/juliano/.local/share/gvfs-metadata
/home/juliano/.local/share/remoteview
/home/juliano/.local/share/org.gnome.TextEditor
/home/juliano/.local/share/kwalletd
/home/juliano/.local/share/gnome-shell
/home/juliano/.local/share/fish
/home/juliano/.local/share/applications
/home/juliano/.local/share/gstreamer-1.0
/home/juliano/.local/share/nautilus
/home/juliano/.local/share/Trash
/home/juliano/.local/share/folks
/home/juliano/.local/share/pipx
/home/juliano/.local/share/man
/home/juliano/.local/share/vlc
/home/juliano/.local/share/sounds
/home/juliano/.local/share/gnome-settings-daemon
/home/juliano/.local/share/audacity
/home/juliano/.local/share/xdg-desktop-portal
/home/juliano/.local/share/evolution
/home/juliano/.local/share/gwenview
/home/juliano/.local/share/okular
/home/juliano/.local/share/epiphany
/home/juliano/.local/share/vulkan
/home/juliano/.local/share/inxi
/home/juliano/.local/share/openrazer
/home/juliano/.config/procps
/home/juliano/.config/strawberry
/home/juliano/.config/dunst
/home/juliano/.config/Code - OSS
/home/juliano/.config/gtk-3.0
/home/juliano/.config/dconf
/home/juliano/.config/autostart
/home/juliano/.config/jgmenu
/home/juliano/.config/polybar
/home/juliano/.config/mc
/home/juliano/.config/libreoffice
/home/juliano/.config/ibus
/home/juliano/.config/htop
/home/juliano/.config/systemd
/home/juliano/.config/xsettingsd
/home/juliano/.config/fish
/home/juliano/.config/i3
/home/juliano/.config/goa-1.0
/home/juliano/.config/environment.d
/home/juliano/.config/razergenie
/home/juliano/.config/BraveSoftware
/home/juliano/.config/inkscape
/home/juliano/.config/gtk-2.0
/home/juliano/.config/pulse
/home/juliano/.config/vlc
/home/juliano/.config/logs
/home/juliano/.config/VirtualBox
/home/juliano/.config/audacity
/home/juliano/.config/btop
/home/juliano/.config/gtk-4.0
/home/juliano/.config/qt5ct
/home/juliano/.config/picom
/home/juliano/.config/Kvantum
/home/juliano/.config/Thunar
/home/juliano/.config/glib-2.0
/home/juliano/.config/OpenRGB
/home/juliano/.config/Raspberry Pi
/home/juliano/.config/micro
/home/juliano/.config/openrazer
/home/juliano/.config/polychromatic
/home/juliano/.config/fontconfig
/home/juliano/.config/GIMP
/home/juliano/.cache/nvidia
/home/juliano/.cache/strawberry
/home/juliano/.cache/'Support Hyprland'
/home/juliano/.cache/mpv
/home/juliano/.cache/mesa_shader_cache
/home/juliano/.cache/gegl-0.4
/home/juliano/.cache/tracker3
/home/juliano/.cache/polkit-kde-authentication-agent-1
/home/juliano/.cache/font-manager
/home/juliano/.cache/gtk-3.0
/home/juliano/.cache/gnome-desktop-thumbnailer
/home/juliano/.cache/jgmenu
/home/juliano/.cache/mesa_shader_cache_db
/home/juliano/.cache/gnome-software
/home/juliano/.cache/cliphist
/home/juliano/.cache/com.bitwarden.desktop
/home/juliano/.cache/flatpak
/home/juliano/.cache/mc
/home/juliano/.cache/gnome-screenshot
/home/juliano/.cache/gimp
/home/juliano/.cache/protontricks
/home/juliano/.cache/kio_http
/home/juliano/.cache/fish
/home/juliano/.cache/gstreamer-1.0
/home/juliano/.cache/razer-cli
/home/juliano/.cache/folks
/home/juliano/.cache/qtshadercache-x86_64-little_endian-lp64
/home/juliano/.cache/BraveSoftware
/home/juliano/.cache/pipx
/home/juliano/.cache/babl
/home/juliano/.cache/ImageMagick
/home/juliano/.cache/pip
/home/juliano/.cache/vlc
/home/juliano/.cache/radv_builtin_shaders
/home/juliano/.cache/'Hyprland Updated!'
/home/juliano/.cache/gtk-4.0
/home/juliano/.cache/evolution
/home/juliano/.cache/sessions
/home/juliano/.cache/obexd
/home/juliano/.cache/Microsoft
/home/juliano/.cache/'Application Not Responding'
/home/juliano/.cache/thumbnails
/home/juliano/.cache/gnome-calculator
/home/juliano/.cache/typescript
/home/juliano/.cache/shutter
/home/juliano/.cache/epiphany
/home/juliano/.cache/Raspberry Pi
/home/juliano/.cache/polychromatic
/home/juliano/.cache/fontconfig
